// Vitest Snapshot v1, https://vitest.dev/guide/snapshot.html

exports[`Feature: Wallet > Component: ConnectButton/WalletProtectionWarning > Scenario: Default > should be visible and clickable 1`] = `[Function]`;
