// Vitest Snapshot v1, https://vitest.dev/guide/snapshot.html

exports[`Feature: UI > Component: Layout/ErrorFallback > should be visible and show error message 1`] = `[Function]`;
