// Vitest Snapshot v1, https://vitest.dev/guide/snapshot.html

exports[`Feature: UI > Component: Layout/SocialMenu > Scenario: Default > renders a profile button 1`] = `[Function]`;
