// Vitest Snapshot v1, https://vitest.dev/guide/snapshot.html

exports[`Feature: UI > Component: Layout/Footer > Scenario: Error > should render correctly 1`] = `[Function]`;
